#./src/main/resources/Entities.map
#Sat May 25 12:24:40 CEST 2019
creditCard2=389
creditCard1=388
socialProfile4=416
socialProfile3=415
socialProfile2=414
socialProfile1=413
cashOrder4=425
cashOrder3=424
cashOrder2=423
cashOrder1=422
customer3=421
customer2=420
notification2=386
customer1=419
notification1=385
foodDishes9=410
foodDishes8=409
foodDishes7=408
foodDishes6=407
foodDishes5=406
foodDishes4=405
foodDishes3=404
foodDishes2=403
foodDishes1=402
administrator2=380
administrator1=379
complain1=426
userAccount9=376
userAccount8=375
userAccount7=374
userAccount6=373
userAccount5=372
dealer2=418
userAccount4=371
dealer1=417
userAccount3=370
userAccount2=369
userAccount1=368
offer2=412
offer1=411
customizableSystem1=387
creditCard9=396
userAccount11=378
restaurant4=384
creditCard8=395
userAccount10=377
finder3=401
restaurant3=383
creditCard7=394
creditCard11=398
finder2=400
restaurant2=382
creditCard6=393
creditCard10=397
finder1=399
restaurant1=381
creditCard5=392
creditCard4=391
creditCard3=390
